Archive member included to satisfy reference by file (symbol)

d:/vxl/stm32/stm32cubeide_1.7.0/stm32cubeide/plugins/com.st.stm32cube.ide.mcu.externaltools.gnu-tools-for-stm32.9-2020-q2-update.win32_2.0.0.202105311346/tools/bin/../lib/gcc/arm-none-eabi/9.3.1/../../../../arm-none-eabi/lib/thumb/v7-m/nofp\libc_nano.a(lib_a-errno.o)
                              ./Core/Src/syscalls.o (__errno)
d:/vxl/stm32/stm32cubeide_1.7.0/stm32cubeide/plugins/com.st.stm32cube.ide.mcu.externaltools.gnu-tools-for-stm32.9-2020-q2-update.win32_2.0.0.202105311346/tools/bin/../lib/gcc/arm-none-eabi/9.3.1/../../../../arm-none-eabi/lib/thumb/v7-m/nofp\libc_nano.a(lib_a-exit.o)
                              d:/vxl/stm32/stm32cubeide_1.7.0/stm32cubeide/plugins/com.st.stm32cube.ide.mcu.externaltools.gnu-tools-for-stm32.9-2020-q2-update.win32_2.0.0.202105311346/tools/bin/../lib/gcc/arm-none-eabi/9.3.1/../../../../arm-none-eabi/lib/thumb/v7-m/nofp/crt0.o (exit)
d:/vxl/stm32/stm32cubeide_1.7.0/stm32cubeide/plugins/com.st.stm32cube.ide.mcu.externaltools.gnu-tools-for-stm32.9-2020-q2-update.win32_2.0.0.202105311346/tools/bin/../lib/gcc/arm-none-eabi/9.3.1/../../../../arm-none-eabi/lib/thumb/v7-m/nofp\libc_nano.a(lib_a-impure.o)
                              d:/vxl/stm32/stm32cubeide_1.7.0/stm32cubeide/plugins/com.st.stm32cube.ide.mcu.externaltools.gnu-tools-for-stm32.9-2020-q2-update.win32_2.0.0.202105311346/tools/bin/../lib/gcc/arm-none-eabi/9.3.1/../../../../arm-none-eabi/lib/thumb/v7-m/nofp\libc_nano.a(lib_a-exit.o) (_global_impure_ptr)
d:/vxl/stm32/stm32cubeide_1.7.0/stm32cubeide/plugins/com.st.stm32cube.ide.mcu.externaltools.gnu-tools-for-stm32.9-2020-q2-update.win32_2.0.0.202105311346/tools/bin/../lib/gcc/arm-none-eabi/9.3.1/../../../../arm-none-eabi/lib/thumb/v7-m/nofp\libc_nano.a(lib_a-init.o)
                              d:/vxl/stm32/stm32cubeide_1.7.0/stm32cubeide/plugins/com.st.stm32cube.ide.mcu.externaltools.gnu-tools-for-stm32.9-2020-q2-update.win32_2.0.0.202105311346/tools/bin/../lib/gcc/arm-none-eabi/9.3.1/../../../../arm-none-eabi/lib/thumb/v7-m/nofp/crt0.o (__libc_init_array)
d:/vxl/stm32/stm32cubeide_1.7.0/stm32cubeide/plugins/com.st.stm32cube.ide.mcu.externaltools.gnu-tools-for-stm32.9-2020-q2-update.win32_2.0.0.202105311346/tools/bin/../lib/gcc/arm-none-eabi/9.3.1/../../../../arm-none-eabi/lib/thumb/v7-m/nofp\libc_nano.a(lib_a-memset.o)
                              d:/vxl/stm32/stm32cubeide_1.7.0/stm32cubeide/plugins/com.st.stm32cube.ide.mcu.externaltools.gnu-tools-for-stm32.9-2020-q2-update.win32_2.0.0.202105311346/tools/bin/../lib/gcc/arm-none-eabi/9.3.1/../../../../arm-none-eabi/lib/thumb/v7-m/nofp/crt0.o (memset)

Allocating common symbols
Common symbol       size              file

uwTick              0x4               ./Drivers/STM32F1xx_HAL_Driver/Src/stm32f1xx_hal.o
pFlash              0x20              ./Drivers/STM32F1xx_HAL_Driver/Src/stm32f1xx_hal_flash.o
numGreen            0x4               ./Core/Src/fsm_auto.o
numRed              0x4               ./Core/Src/fsm_auto.o
numAmber            0x4               ./Core/Src/fsm_auto.o
htim2               0x48              ./Core/Src/main.o
pTask               0x190             ./Core/Src/scheduler.o

Discarded input sections

 .text          0x0000000000000000        0x0 d:/vxl/stm32/stm32cubeide_1.7.0/stm32cubeide/plugins/com.st.stm32cube.ide.mcu.externaltools.gnu-tools-for-stm32.9-2020-q2-update.win32_2.0.0.202105311346/tools/bin/../lib/gcc/arm-none-eabi/9.3.1/thumb/v7-m/nofp/crti.o
 .data          0x0000000000000000        0x0 d:/vxl/stm32/stm32cubeide_1.7.0/stm32cubeide/plugins/com.st.stm32cube.ide.mcu.externaltools.gnu-tools-for-stm32.9-2020-q2-update.win32_2.0.0.202105311346/tools/bin/../lib/gcc/arm-none-eabi/9.3.1/thumb/v7-m/nofp/crti.o
 .bss           0x0000000000000000        0x0 d:/vxl/stm32/stm32cubeide_1.7.0/stm32cubeide/plugins/com.st.stm32cube.ide.mcu.externaltools.gnu-tools-for-stm32.9-2020-q2-update.win32_2.0.0.202105311346/tools/bin/../lib/gcc/arm-none-eabi/9.3.1/thumb/v7-m/nofp/crti.o
 .data          0x0000000000000000        0x4 d:/vxl/stm32/stm32cubeide_1.7.0/stm32cubeide/plugins/com.st.stm32cube.ide.mcu.externaltools.gnu-tools-for-stm32.9-2020-q2-update.win32_2.0.0.202105311346/tools/bin/../lib/gcc/arm-none-eabi/9.3.1/thumb/v7-m/nofp/crtbegin.o
 .text          0x0000000000000000       0x7c d:/vxl/stm32/stm32cubeide_1.7.0/stm32cubeide/plugins/com.st.stm32cube.ide.mcu.externaltools.gnu-tools-for-stm32.9-2020-q2-update.win32_2.0.0.202105311346/tools/bin/../lib/gcc/arm-none-eabi/9.3.1/../../../../arm-none-eabi/lib/thumb/v7-m/nofp/crt0.o
 .data          0x0000000000000000        0x0 d:/vxl/stm32/stm32cubeide_1.7.0/stm32cubeide/plugins/com.st.stm32cube.ide.mcu.externaltools.gnu-tools-for-stm32.9-2020-q2-update.win32_2.0.0.202105311346/tools/bin/../lib/gcc/arm-none-eabi/9.3.1/../../../../arm-none-eabi/lib/thumb/v7-m/nofp/crt0.o
[...]
Memory Configuration

Name             Origin             Length             Attributes
RAM              0x0000000020000000 0x0000000000002800 xrw
FLASH            0x0000000008000000 0x0000000000008000 xr
*default*        0x0000000000000000 0xffffffffffffffff

Linker script and memory map

LOAD d:/vxl/stm32/stm32cubeide_1.7.0/stm32cubeide/plugins/com.st.stm32cube.ide.mcu.externaltools.gnu-tools-for-stm32.9-2020-q2-update.win32_2.0.0.202105311346/tools/bin/../lib/gcc/arm-none-eabi/9.3.1/thumb/v7-m/nofp/crti.o
LOAD d:/vxl/stm32/stm32cubeide_1.7.0/stm32cubeide/plugins/com.st.stm32cube.ide.mcu.externaltools.gnu-tools-for-stm32.9-2020-q2-update.win32_2.0.0.202105311346/tools/bin/../lib/gcc/arm-none-eabi/9.3.1/thumb/v7-m/nofp/crtbegin.o
LOAD d:/vxl/stm32/stm32cubeide_1.7.0/stm32cubeide/plugins/com.st.stm32cube.ide.mcu.externaltools.gnu-tools-for-stm32.9-2020-q2-update.win32_2.0.0.202105311346/tools/bin/../lib/gcc/arm-none-eabi/9.3.1/../../../../arm-none-eabi/lib/thumb/v7-m/nofp/crt0.o
LOAD ./Core/Src/button.o
LOAD ./Core/Src/fsm_auto.o
LOAD ./Core/Src/fsm_man.o
LOAD ./Core/Src/global.o
LOAD ./Core/Src/main.o
LOAD ./Core/Src/scheduler.o
LOAD ./Core/Src/stm32f1xx_hal_msp.o
LOAD ./Core/Src/stm32f1xx_it.o
LOAD ./Core/Src/syscalls.o
LOAD ./Core/Src/sysmem.o
LOAD ./Core/Src/system_stm32f1xx.o
LOAD ./Core/Src/timer.o
LOAD ./Core/Startup/startup_stm32f103c6ux.o
LOAD ./Drivers/STM32F1xx_HAL_Driver/Src/stm32f1xx_hal.o
LOAD ./Drivers/STM32F1xx_HAL_Driver/Src/stm32f1xx_hal_cortex.o
LOAD ./Drivers/STM32F1xx_HAL_Driver/Src/stm32f1xx_hal_dma.o
LOAD ./Drivers/STM32F1xx_HAL_Driver/Src/stm32f1xx_hal_exti.o
LOAD ./Drivers/STM32F1xx_HAL_Driver/Src/stm32f1xx_hal_flash.o
LOAD ./Drivers/STM32F1xx_HAL_Driver/Src/stm32f1xx_hal_flash_ex.o
LOAD ./Drivers/STM32F1xx_HAL_Driver/Src/stm32f1xx_hal_gpio.o
LOAD ./Drivers/STM32F1xx_HAL_Driver/Src/stm32f1xx_hal_gpio_ex.o
LOAD ./Drivers/STM32F1xx_HAL_Driver/Src/stm32f1xx_hal_pwr.o
LOAD ./Drivers/STM32F1xx_HAL_Driver/Src/stm32f1xx_hal_rcc.o
LOAD ./Drivers/STM32F1xx_HAL_Driver/Src/stm32f1xx_hal_rcc_ex.o
LOAD ./Drivers/STM32F1xx_HAL_Driver/Src/stm32f1xx_hal_tim.o
LOAD ./Drivers/STM32F1xx_HAL_Driver/Src/stm32f1xx_hal_tim_ex.o
START GROUP
LOAD d:/vxl/stm32/stm32cubeide_1.7.0/stm32cubeide/plugins/com.st.stm32cube.ide.mcu.externaltools.gnu-tools-for-stm32.9-2020-q2-update.win32_2.0.0.202105311346/tools/bin/../lib/gcc/arm-none-eabi/9.3.1/../../../../arm-none-eabi/lib/thumb/v7-m/nofp\libc_nano.a
LOAD d:/vxl/stm32/stm32cubeide_1.7.0/stm32cubeide/plugins/com.st.stm32cube.ide.mcu.externaltools.gnu-tools-for-stm32.9-2020-q2-update.win32_2.0.0.202105311346/tools/bin/../lib/gcc/arm-none-eabi/9.3.1/../../../../arm-none-eabi/lib/thumb/v7-m/nofp\libm.a
END GROUP
START GROUP
LOAD d:/vxl/stm32/stm32cubeide_1.7.0/stm32cubeide/plugins/com.st.stm32cube.ide.mcu.externaltools.gnu-tools-for-stm32.9-2020-q2-update.win32_2.0.0.202105311346/tools/bin/../lib/gcc/arm-none-eabi/9.3.1/thumb/v7-m/nofp\libgcc.a
LOAD d:/vxl/stm32/stm32cubeide_1.7.0/stm32cubeide/plugins/com.st.stm32cube.ide.mcu.externaltools.gnu-tools-for-stm32.9-2020-q2-update.win32_2.0.0.202105311346/tools/bin/../lib/gcc/arm-none-eabi/9.3.1/../../../../arm-none-eabi/lib/thumb/v7-m/nofp\libc_nano.a
END GROUP
START GROUP
LOAD d:/vxl/stm32/stm32cubeide_1.7.0/stm32cubeide/plugins/com.st.stm32cube.ide.mcu.externaltools.gnu-tools-for-stm32.9-2020-q2-update.win32_2.0.0.202105311346/tools/bin/../lib/gcc/arm-none-eabi/9.3.1/thumb/v7-m/nofp\libgcc.a
LOAD d:/vxl/stm32/stm32cubeide_1.7.0/stm32cubeide/plugins/com.st.stm32cube.ide.mcu.externaltools.gnu-tools-for-stm32.9-2020-q2-update.win32_2.0.0.202105311346/tools/bin/../lib/gcc/arm-none-eabi/9.3.1/../../../../arm-none-eabi/lib/thumb/v7-m/nofp\libc_nano.a
LOAD d:/vxl/stm32/stm32cubeide_1.7.0/stm32cubeide/plugins/com.st.stm32cube.ide.mcu.externaltools.gnu-tools-for-stm32.9-2020-q2-update.win32_2.0.0.202105311346/tools/bin/../lib/gcc/arm-none-eabi/9.3.1/../../../../arm-none-eabi/lib/thumb/v7-m/nofp\libnosys.a
END GROUP
START GROUP
LOAD d:/vxl/stm32/stm32cubeide_1.7.0/stm32cubeide/plugins/com.st.stm32cube.ide.mcu.externaltools.gnu-tools-for-stm32.9-2020-q2-update.win32_2.0.0.202105311346/tools/bin/../lib/gcc/arm-none-eabi/9.3.1/thumb/v7-m/nofp\libgcc.a
LOAD d:/vxl/stm32/stm32cubeide_1.7.0/stm32cubeide/plugins/com.st.stm32cube.ide.mcu.externaltools.gnu-tools-for-stm32.9-2020-q2-update.win32_2.0.0.202105311346/tools/bin/../lib/gcc/arm-none-eabi/9.3.1/../../../../arm-none-eabi/lib/thumb/v7-m/nofp\libc_nano.a
LOAD d:/vxl/stm32/stm32cubeide_1.7.0/stm32cubeide/plugins/com.st.stm32cube.ide.mcu.externaltools.gnu-tools-for-stm32.9-2020-q2-update.win32_2.0.0.202105311346/tools/bin/../lib/gcc/arm-none-eabi/9.3.1/../../../../arm-none-eabi/lib/thumb/v7-m/nofp\libnosys.a
END GROUP
LOAD d:/vxl/stm32/stm32cubeide_1.7.0/stm32cubeide/plugins/com.st.stm32cube.ide.mcu.externaltools.gnu-tools-for-stm32.9-2020-q2-update.win32_2.0.0.202105311346/tools/bin/../lib/gcc/arm-none-eabi/9.3.1/thumb/v7-m/nofp/crtend.o
LOAD d:/vxl/stm32/stm32cubeide_1.7.0/stm32cubeide/plugins/com.st.stm32cube.ide.mcu.externaltools.gnu-tools-for-stm32.9-2020-q2-update.win32_2.0.0.202105311346/tools/bin/../lib/gcc/arm-none-eabi/9.3.1/thumb/v7-m/nofp/crtn.o
                0x0000000020002800                _estack = (ORIGIN (RAM) + LENGTH (RAM))
                0x0000000000000200                _Min_Heap_Size = 0x200
                0x0000000000000400                _Min_Stack_Size = 0x400

.isr_vector     0x0000000008000000      0x10c
                0x0000000008000000                . = ALIGN (0x4)
 *(.isr_vector)
 .isr_vector    0x0000000008000000      0x10c ./Core/Startup/startup_stm32f103c6ux.o
                0x0000000008000000                g_pfnVectors
                0x000000000800010c                . = ALIGN (0x4)

.text           0x000000000800010c     0x2d74
                0x000000000800010c                . = ALIGN (0x4)
 *(.text)
 .text          0x000000000800010c       0x40 d:/vxl/stm32/stm32cubeide_1.7.0/stm32cubeide/plugins/com.st.stm32cube.ide.mcu.externaltools.gnu-tools-for-stm32.9-2020-q2-update.win32_2.0.0.202105311346/tools/bin/../lib/gcc/arm-none-eabi/9.3.1/thumb/v7-m/nofp/crtbegin.o
 *(.text*)
 .text.isButtonPressed0
                0x000000000800014c       0x24 ./Core/Src/button.o
                0x000000000800014c                isButtonPressed0
 .text.getKeyInput0
                0x0000000008000170       0xa8 ./Core/Src/button.o
                0x0000000008000170                getKeyInput0
 .text.isButtonPressed1
                0x0000000008000218       0x24 ./Core/Src/button.o
                0x0000000008000218                isButtonPressed1
 .text.getKeyInput1
                0x000000000800023c       0xa8 ./Core/Src/button.o
                0x000000000800023c                getKeyInput1
 .text.isButtonPressed2
                0x00000000080002e4       0x24 ./Core/Src/button.o
                0x00000000080002e4                isButtonPressed2
 .text.getKeyInput2
                0x0000000008000308       0xa8 ./Core/Src/button.o
                0x0000000008000308                getKeyInput2
 .text.clamp_min1
                0x00000000080003b0       0x1a ./Core/Src/fsm_auto.o
 .text.clamp_amber
                0x00000000080003ca       0x28 ./Core/Src/fsm_auto.o
 .text.checkValidTime
                0x00000000080003f2       0x28 ./Core/Src/fsm_auto.o
                0x00000000080003f2                checkValidTime
 *fill*         0x000000000800041a        0x2 
 .text.fsm_auto_run
                0x000000000800041c      0x540 ./Core/Src/fsm_auto.o
                0x000000000800041c                fsm_auto_run
 .text.modeRun  0x000000000800095c       0x50 ./Core/Src/fsm_man.o
                0x000000000800095c                modeRun
 .text.fsm_man_run
                0x00000000080009ac      0x2d0 ./Core/Src/fsm_man.o
                0x00000000080009ac                fsm_man_run
 .text.display7SEG
                0x0000000008000c7c       0x38 ./Core/Src/global.o
                0x0000000008000c7c                display7SEG
 .text.display7SEG2
                0x0000000008000cb4       0x3c ./Core/Src/global.o
                0x0000000008000cb4                display7SEG2
 .text.displayNumber0
                0x0000000008000cf0       0x84 ./Core/Src/global.o
                0x0000000008000cf0                displayNumber0
 .text.displayNumber1
                0x0000000008000d74       0x84 ./Core/Src/global.o
                0x0000000008000d74                displayNumber1
 .text.LED_monitor
                0x0000000008000df8       0xbc ./Core/Src/global.o
                0x0000000008000df8                LED_monitor
 .text.LED_monitor2
                0x0000000008000eb4       0xc8 ./Core/Src/global.o
                0x0000000008000eb4                LED_monitor2
 .text.task0    0x0000000008000f7c       0x14 ./Core/Src/main.o
                0x0000000008000f7c                task0
 .text.taskS    0x0000000008000f90       0x30 ./Core/Src/main.o
                0x0000000008000f90                taskS
 .text.main     0x0000000008000fc0       0xe4 ./Core/Src/main.o
                0x0000000008000fc0                main
 .text.SystemClock_Config
                0x00000000080010a4       0x76 ./Core/Src/main.o
                0x00000000080010a4                SystemClock_Config
 *fill*         0x000000000800111a        0x2 
 .text.MX_TIM2_Init
                0x000000000800111c       0x98 ./Core/Src/main.o
 .text.MX_GPIO_Init
                0x00000000080011b4       0xe4 ./Core/Src/main.o
 .text.HAL_TIM_PeriodElapsedCallback
                0x0000000008001298       0x14 ./Core/Src/main.o
                0x0000000008001298                HAL_TIM_PeriodElapsedCallback
 .text.Error_Handler
                0x00000000080012ac        0xa ./Core/Src/main.o
                0x00000000080012ac                Error_Handler
 *fill*         0x00000000080012b6        0x2 
 .text.SCH_Init
                0x00000000080012b8       0x34 ./Core/Src/scheduler.o
                0x00000000080012b8                SCH_Init
 .text.SCH_Add_Task
                0x00000000080012ec       0xc4 ./Core/Src/scheduler.o
                0x00000000080012ec                SCH_Add_Task
 .text.SCH_Update
                0x00000000080013b0       0x24 ./Core/Src/scheduler.o
                0x00000000080013b0                SCH_Update
 .text.runMe    0x00000000080013d4       0x28 ./Core/Src/scheduler.o
                0x00000000080013d4                runMe
 .text.SCH_Dispatch_Tasks
                0x00000000080013fc       0xbc ./Core/Src/scheduler.o
                0x00000000080013fc                SCH_Dispatch_Tasks
 .text.SCH_Delete_Task
                0x00000000080014b8       0x7c ./Core/Src/scheduler.o
                0x00000000080014b8                SCH_Delete_Task
 .text.HAL_MspInit
                0x0000000008001534       0x64 ./Core/Src/stm32f1xx_hal_msp.o
                0x0000000008001534                HAL_MspInit
 .text.HAL_TIM_Base_MspInit
                0x0000000008001598       0x48 ./Core/Src/stm32f1xx_hal_msp.o
                0x0000000008001598                HAL_TIM_Base_MspInit
 .text.NMI_Handler
                0x00000000080015e0        0x6 ./Core/Src/stm32f1xx_it.o
                0x00000000080015e0                NMI_Handler
 .text.HardFault_Handler
                0x00000000080015e6        0x6 ./Core/Src/stm32f1xx_it.o
                0x00000000080015e6                HardFault_Handler
 .text.MemManage_Handler
                0x00000000080015ec        0x6 ./Core/Src/stm32f1xx_it.o
                0x00000000080015ec                MemManage_Handler
 .text.BusFault_Handler
                0x00000000080015f2        0x6 ./Core/Src/stm32f1xx_it.o
                0x00000000080015f2                BusFault_Handler
 .text.UsageFault_Handler
                0x00000000080015f8        0x6 ./Core/Src/stm32f1xx_it.o
                0x00000000080015f8                UsageFault_Handler
 .text.SVC_Handler
                0x00000000080015fe        0xc ./Core/Src/stm32f1xx_it.o
                0x00000000080015fe                SVC_Handler
 .text.DebugMon_Handler
                0x000000000800160a        0xc ./Core/Src/stm32f1xx_it.o
                0x000000000800160a                DebugMon_Handler
 .text.PendSV_Handler
                0x0000000008001616        0xc ./Core/Src/stm32f1xx_it.o
                0x0000000008001616                PendSV_Handler
 .text.SysTick_Handler
                0x0000000008001622        0xc ./Core/Src/stm32f1xx_it.o
                0x0000000008001622                SysTick_Handler
 *fill*         0x000000000800162e        0x2 
 .text.TIM2_IRQHandler
                0x0000000008001630       0x14 ./Core/Src/stm32f1xx_it.o
                0x0000000008001630                TIM2_IRQHandler
 .text.SystemInit
                0x0000000008001644        0xc ./Core/Src/system_stm32f1xx.o
                0x0000000008001644                SystemInit
 .text.set_timer0
                0x0000000008001650       0x34 ./Core/Src/timer.o
                0x0000000008001650                set_timer0
 .text.timer0_run
                0x0000000008001684       0x34 ./Core/Src/timer.o
                0x0000000008001684                timer0_run
 .text.timer1_run
                0x00000000080016b8       0x34 ./Core/Src/timer.o
                0x00000000080016b8                timer1_run
 .text.set_timer2
                0x00000000080016ec       0x34 ./Core/Src/timer.o
                0x00000000080016ec                set_timer2
 .text.timer2_run
                0x0000000008001720       0x34 ./Core/Src/timer.o
                0x0000000008001720                timer2_run
 .text.set_timer3
                0x0000000008001754       0x34 ./Core/Src/timer.o
                0x0000000008001754                set_timer3
 .text.timer3_run
                0x0000000008001788       0x34 ./Core/Src/timer.o
                0x0000000008001788                timer3_run
 .text.one_sec_run
                0x00000000080017bc       0x34 ./Core/Src/timer.o
                0x00000000080017bc                one_sec_run
 .text.Reset_Handler
                0x00000000080017f0       0x48 ./Core/Startup/startup_stm32f103c6ux.o
                0x00000000080017f0                Reset_Handler
 .text.Default_Handler
                0x0000000008001838        0x2 ./Core/Startup/startup_stm32f103c6ux.o
                0x0000000008001838                RTC_Alarm_IRQHandler
                0x0000000008001838                EXTI2_IRQHandler
                0x0000000008001838                TIM1_CC_IRQHandler
                0x0000000008001838                PVD_IRQHandler
                0x0000000008001838                EXTI3_IRQHandler
                0x0000000008001838                EXTI0_IRQHandler
                0x0000000008001838                ADC1_2_IRQHandler
                0x0000000008001838                SPI1_IRQHandler
                0x0000000008001838                TAMPER_IRQHandler
                0x0000000008001838                DMA1_Channel4_IRQHandler
                0x0000000008001838                RTC_IRQHandler
                0x0000000008001838                DMA1_Channel7_IRQHandler
                0x0000000008001838                CAN1_RX1_IRQHandler
                0x0000000008001838                I2C1_EV_IRQHandler
                0x0000000008001838                DMA1_Channel6_IRQHandler
                0x0000000008001838                TIM3_IRQHandler
                0x0000000008001838                RCC_IRQHandler
                0x0000000008001838                TIM1_TRG_COM_IRQHandler
                0x0000000008001838                DMA1_Channel1_IRQHandler
                0x0000000008001838                Default_Handler
                0x0000000008001838                EXTI15_10_IRQHandler
                0x0000000008001838                EXTI9_5_IRQHandler
                0x0000000008001838                DMA1_Channel5_IRQHandler
                0x0000000008001838                EXTI4_IRQHandler
                0x0000000008001838                USB_LP_CAN1_RX0_IRQHandler
                0x0000000008001838                USB_HP_CAN1_TX_IRQHandler
                0x0000000008001838                DMA1_Channel3_IRQHandler
                0x0000000008001838                TIM1_UP_IRQHandler
                0x0000000008001838                WWDG_IRQHandler
                0x0000000008001838                TIM1_BRK_IRQHandler
                0x0000000008001838                EXTI1_IRQHandler
                0x0000000008001838                USART2_IRQHandler
                0x0000000008001838                DMA1_Channel2_IRQHandler
                0x0000000008001838                CAN1_SCE_IRQHandler
                0x0000000008001838                FLASH_IRQHandler
                0x0000000008001838                USART1_IRQHandler
                0x0000000008001838                I2C1_ER_IRQHandler
                0x0000000008001838                USBWakeUp_IRQHandler
 *fill*         0x000000000800183a        0x2 
 .text.HAL_Init
                0x000000000800183c       0x2c ./Drivers/STM32F1xx_HAL_Driver/Src/stm32f1xx_hal.o
                0x000000000800183c                HAL_Init
 .text.HAL_InitTick
                0x0000000008001868       0x60 ./Drivers/STM32F1xx_HAL_Driver/Src/stm32f1xx_hal.o
                0x0000000008001868                HAL_InitTick
 .text.HAL_IncTick
                0x00000000080018c8       0x24 ./Drivers/STM32F1xx_HAL_Driver/Src/stm32f1xx_hal.o
                0x00000000080018c8                HAL_IncTick
 .text.HAL_GetTick
                0x00000000080018ec       0x14 ./Drivers/STM32F1xx_HAL_Driver/Src/stm32f1xx_hal.o
                0x00000000080018ec                HAL_GetTick
 .text.__NVIC_SetPriorityGrouping
                0x0000000008001900       0x48 ./Drivers/STM32F1xx_HAL_Driver/Src/stm32f1xx_hal_cortex.o
 .text.__NVIC_GetPriorityGrouping
                0x0000000008001948       0x1c ./Drivers/STM32F1xx_HAL_Driver/Src/stm32f1xx_hal_cortex.o
 .text.__NVIC_EnableIRQ
                0x0000000008001964       0x38 ./Drivers/STM32F1xx_HAL_Driver/Src/stm32f1xx_hal_cortex.o
 .text.__NVIC_SetPriority
                0x000000000800199c       0x54 ./Drivers/STM32F1xx_HAL_Driver/Src/stm32f1xx_hal_cortex.o
 .text.NVIC_EncodePriority
                0x00000000080019f0       0x64 ./Drivers/STM32F1xx_HAL_Driver/Src/stm32f1xx_hal_cortex.o
 .text.SysTick_Config
                0x0000000008001a54       0x44 ./Drivers/STM32F1xx_HAL_Driver/Src/stm32f1xx_hal_cortex.o
 .text.HAL_NVIC_SetPriorityGrouping
                0x0000000008001a98       0x16 ./Drivers/STM32F1xx_HAL_Driver/Src/stm32f1xx_hal_cortex.o
                0x0000000008001a98                HAL_NVIC_SetPriorityGrouping
 .text.HAL_NVIC_SetPriority
                0x0000000008001aae       0x38 ./Drivers/STM32F1xx_HAL_Driver/Src/stm32f1xx_hal_cortex.o
                0x0000000008001aae                HAL_NVIC_SetPriority
 .text.HAL_NVIC_EnableIRQ
                0x0000000008001ae6       0x1c ./Drivers/STM32F1xx_HAL_Driver/Src/stm32f1xx_hal_cortex.o
                0x0000000008001ae6                HAL_NVIC_EnableIRQ
 .text.HAL_SYSTICK_Config
                0x0000000008001b02       0x18 ./Drivers/STM32F1xx_HAL_Driver/Src/stm32f1xx_hal_cortex.o
                0x0000000008001b02                HAL_SYSTICK_Config
 *fill*         0x0000000008001b1a        0x2 
 .text.HAL_GPIO_Init
                0x0000000008001b1c      0x2f4 ./Drivers/STM32F1xx_HAL_Driver/Src/stm32f1xx_hal_gpio.o
                0x0000000008001b1c                HAL_GPIO_Init
 .text.HAL_GPIO_ReadPin
                0x0000000008001e10       0x2e ./Drivers/STM32F1xx_HAL_Driver/Src/stm32f1xx_hal_gpio.o
                0x0000000008001e10                HAL_GPIO_ReadPin
 .text.HAL_GPIO_WritePin
                0x0000000008001e3e       0x30 ./Drivers/STM32F1xx_HAL_Driver/Src/stm32f1xx_hal_gpio.o
                0x0000000008001e3e                HAL_GPIO_WritePin
 .text.HAL_GPIO_TogglePin
                0x0000000008001e6e       0x32 ./Drivers/STM32F1xx_HAL_Driver/Src/stm32f1xx_hal_gpio.o
                0x0000000008001e6e                HAL_GPIO_TogglePin
 .text.HAL_RCC_OscConfig
                0x0000000008001ea0      0x500 ./Drivers/STM32F1xx_HAL_Driver/Src/stm32f1xx_hal_rcc.o
                0x0000000008001ea0                HAL_RCC_OscConfig
 .text.HAL_RCC_ClockConfig
                0x00000000080023a0      0x1d4 ./Drivers/STM32F1xx_HAL_Driver/Src/stm32f1xx_hal_rcc.o
                0x00000000080023a0                HAL_RCC_ClockConfig
 .text.HAL_RCC_GetSysClockFreq
                0x0000000008002574       0xa8 ./Drivers/STM32F1xx_HAL_Driver/Src/stm32f1xx_hal_rcc.o
                0x0000000008002574                HAL_RCC_GetSysClockFreq
 .text.RCC_Delay
                0x000000000800261c       0x3c ./Drivers/STM32F1xx_HAL_Driver/Src/stm32f1xx_hal_rcc.o
 .text.HAL_TIM_Base_Init
                0x0000000008002658       0x9e ./Drivers/STM32F1xx_HAL_Driver/Src/stm32f1xx_hal_tim.o
                0x0000000008002658                HAL_TIM_Base_Init
 *fill*         0x00000000080026f6        0x2 
 .text.HAL_TIM_Base_Start_IT
                0x00000000080026f8       0x98 ./Drivers/STM32F1xx_HAL_Driver/Src/stm32f1xx_hal_tim.o
                0x00000000080026f8                HAL_TIM_Base_Start_IT
 .text.HAL_TIM_IRQHandler
                0x0000000008002790      0x1e0 ./Drivers/STM32F1xx_HAL_Driver/Src/stm32f1xx_hal_tim.o
                0x0000000008002790                HAL_TIM_IRQHandler
 .text.HAL_TIM_ConfigClockSource
                0x0000000008002970      0x18e ./Drivers/STM32F1xx_HAL_Driver/Src/stm32f1xx_hal_tim.o
                0x0000000008002970                HAL_TIM_ConfigClockSource
 .text.HAL_TIM_OC_DelayElapsedCallback
                0x0000000008002afe       0x12 ./Drivers/STM32F1xx_HAL_Driver/Src/stm32f1xx_hal_tim.o
                0x0000000008002afe                HAL_TIM_OC_DelayElapsedCallback
 .text.HAL_TIM_IC_CaptureCallback
                0x0000000008002b10       0x12 ./Drivers/STM32F1xx_HAL_Driver/Src/stm32f1xx_hal_tim.o
                0x0000000008002b10                HAL_TIM_IC_CaptureCallback
 .text.HAL_TIM_PWM_PulseFinishedCallback
                0x0000000008002b22       0x12 ./Drivers/STM32F1xx_HAL_Driver/Src/stm32f1xx_hal_tim.o
                0x0000000008002b22                HAL_TIM_PWM_PulseFinishedCallback
 .text.HAL_TIM_TriggerCallback
                0x0000000008002b34       0x12 ./Drivers/STM32F1xx_HAL_Driver/Src/stm32f1xx_hal_tim.o
                0x0000000008002b34                HAL_TIM_TriggerCallback
 *fill*         0x0000000008002b46        0x2 
 .text.TIM_Base_SetConfig
                0x0000000008002b48       0xc8 ./Drivers/STM32F1xx_HAL_Driver/Src/stm32f1xx_hal_tim.o
                0x0000000008002b48                TIM_Base_SetConfig
 .text.TIM_TI1_ConfigInputStage
                0x0000000008002c10       0x5c ./Drivers/STM32F1xx_HAL_Driver/Src/stm32f1xx_hal_tim.o
 .text.TIM_TI2_ConfigInputStage
                0x0000000008002c6c       0x5e ./Drivers/STM32F1xx_HAL_Driver/Src/stm32f1xx_hal_tim.o
 .text.TIM_ITRx_SetConfig
                0x0000000008002cca       0x34 ./Drivers/STM32F1xx_HAL_Driver/Src/stm32f1xx_hal_tim.o
 .text.TIM_ETR_SetConfig
                0x0000000008002cfe       0x3e ./Drivers/STM32F1xx_HAL_Driver/Src/stm32f1xx_hal_tim.o
                0x0000000008002cfe                TIM_ETR_SetConfig
 .text.HAL_TIMEx_MasterConfigSynchronization
                0x0000000008002d3c       0xb0 ./Drivers/STM32F1xx_HAL_Driver/Src/stm32f1xx_hal_tim_ex.o
                0x0000000008002d3c                HAL_TIMEx_MasterConfigSynchronization
 .text.HAL_TIMEx_CommutCallback
                0x0000000008002dec       0x12 ./Drivers/STM32F1xx_HAL_Driver/Src/stm32f1xx_hal_tim_ex.o
                0x0000000008002dec                HAL_TIMEx_CommutCallback
 .text.HAL_TIMEx_BreakCallback
                0x0000000008002dfe       0x12 ./Drivers/STM32F1xx_HAL_Driver/Src/stm32f1xx_hal_tim_ex.o
                0x0000000008002dfe                HAL_TIMEx_BreakCallback
 .text.__libc_init_array
                0x0000000008002e10       0x48 d:/vxl/stm32/stm32cubeide_1.7.0/stm32cubeide/plugins/com.st.stm32cube.ide.mcu.externaltools.gnu-tools-for-stm32.9-2020-q2-update.win32_2.0.0.202105311346/tools/bin/../lib/gcc/arm-none-eabi/9.3.1/../../../../arm-none-eabi/lib/thumb/v7-m/nofp\libc_nano.a(lib_a-init.o)
                0x0000000008002e10                __libc_init_array
 .text.memset   0x0000000008002e58       0x10 d:/vxl/stm32/stm32cubeide_1.7.0/stm32cubeide/plugins/com.st.stm32cube.ide.mcu.externaltools.gnu-tools-for-stm32.9-2020-q2-update.win32_2.0.0.202105311346/tools/bin/../lib/gcc/arm-none-eabi/9.3.1/../../../../arm-none-eabi/lib/thumb/v7-m/nofp\libc_nano.a(lib_a-memset.o)
                0x0000000008002e58                memset
 *(.glue_7)
 .glue_7        0x0000000008002e68        0x0 linker stubs
 *(.glue_7t)
 .glue_7t       0x0000000008002e68        0x0 linker stubs
 *(.eh_frame)
 .eh_frame      0x0000000008002e68        0x0 d:/vxl/stm32/stm32cubeide_1.7.0/stm32cubeide/plugins/com.st.stm32cube.ide.mcu.externaltools.gnu-tools-for-stm32.9-2020-q2-update.win32_2.0.0.202105311346/tools/bin/../lib/gcc/arm-none-eabi/9.3.1/thumb/v7-m/nofp/crtbegin.o
 *(.init)
 .init          0x0000000008002e68        0x4 d:/vxl/stm32/stm32cubeide_1.7.0/stm32cubeide/plugins/com.st.stm32cube.ide.mcu.externaltools.gnu-tools-for-stm32.9-2020-q2-update.win32_2.0.0.202105311346/tools/bin/../lib/gcc/arm-none-eabi/9.3.1/thumb/v7-m/nofp/crti.o
                0x0000000008002e68                _init
 .init          0x0000000008002e6c        0x8 d:/vxl/stm32/stm32cubeide_1.7.0/stm32cubeide/plugins/com.st.stm32cube.ide.mcu.externaltools.gnu-tools-for-stm32.9-2020-q2-update.win32_2.0.0.202105311346/tools/bin/../lib/gcc/arm-none-eabi/9.3.1/thumb/v7-m/nofp/crtn.o
 *(.fini)
 .fini          0x0000000008002e74        0x4 d:/vxl/stm32/stm32cubeide_1.7.0/stm32cubeide/plugins/com.st.stm32cube.ide.mcu.externaltools.gnu-tools-for-stm32.9-2020-q2-update.win32_2.0.0.202105311346/tools/bin/../lib/gcc/arm-none-eabi/9.3.1/thumb/v7-m/nofp/crti.o
                0x0000000008002e74                _fini
 .fini          0x0000000008002e78        0x8 d:/vxl/stm32/stm32cubeide_1.7.0/stm32cubeide/plugins/com.st.stm32cube.ide.mcu.externaltools.gnu-tools-for-stm32.9-2020-q2-update.win32_2.0.0.202105311346/tools/bin/../lib/gcc/arm-none-eabi/9.3.1/thumb/v7-m/nofp/crtn.o
                0x0000000008002e80                . = ALIGN (0x4)
                0x0000000008002e80                _etext = .

.vfp11_veneer   0x0000000008002e80        0x0
 .vfp11_veneer  0x0000000008002e80        0x0 linker stubs

.v4_bx          0x0000000008002e80        0x0
 .v4_bx         0x0000000008002e80        0x0 linker stubs

.iplt           0x0000000008002e80        0x0
 .iplt          0x0000000008002e80        0x0 d:/vxl/stm32/stm32cubeide_1.7.0/stm32cubeide/plugins/com.st.stm32cube.ide.mcu.externaltools.gnu-tools-for-stm32.9-2020-q2-update.win32_2.0.0.202105311346/tools/bin/../lib/gcc/arm-none-eabi/9.3.1/thumb/v7-m/nofp/crtbegin.o

.rodata         0x0000000008002e80       0x24
                0x0000000008002e80                . = ALIGN (0x4)
 *(.rodata)
 *(.rodata*)
 .rodata.AHBPrescTable
                0x0000000008002e80       0x10 ./Core/Src/system_stm32f1xx.o
                0x0000000008002e80                AHBPrescTable
 .rodata.aPLLMULFactorTable.6032
                0x0000000008002e90       0x10 ./Drivers/STM32F1xx_HAL_Driver/Src/stm32f1xx_hal_rcc.o
 .rodata.aPredivFactorTable.6033
                0x0000000008002ea0        0x2 ./Drivers/STM32F1xx_HAL_Driver/Src/stm32f1xx_hal_rcc.o
                0x0000000008002ea4                . = ALIGN (0x4)
 *fill*         0x0000000008002ea2        0x2 

.rel.dyn        0x0000000008002ea4        0x0
 .rel.iplt      0x0000000008002ea4        0x0 d:/vxl/stm32/stm32cubeide_1.7.0/stm32cubeide/plugins/com.st.stm32cube.ide.mcu.externaltools.gnu-tools-for-stm32.9-2020-q2-update.win32_2.0.0.202105311346/tools/bin/../lib/gcc/arm-none-eabi/9.3.1/thumb/v7-m/nofp/crtbegin.o

.ARM.extab      0x0000000008002ea4        0x0
                0x0000000008002ea4                . = ALIGN (0x4)
 *(.ARM.extab* .gnu.linkonce.armextab.*)
                0x0000000008002ea4                . = ALIGN (0x4)

.ARM            0x0000000008002ea4        0x0
                0x0000000008002ea4                . = ALIGN (0x4)
                0x0000000008002ea4                __exidx_start = .
 *(.ARM.exidx*)
                0x0000000008002ea4                __exidx_end = .
                0x0000000008002ea4                . = ALIGN (0x4)

.preinit_array  0x0000000008002ea4        0x0
                0x0000000008002ea4                . = ALIGN (0x4)
                0x0000000008002ea4                PROVIDE (__preinit_array_start = .)
 *(.preinit_array*)
                0x0000000008002ea4                PROVIDE (__preinit_array_end = .)
                0x0000000008002ea4                . = ALIGN (0x4)

.init_array     0x0000000008002ea4        0x4
                0x0000000008002ea4                . = ALIGN (0x4)
                0x0000000008002ea4                PROVIDE (__init_array_start = .)
 *(SORT_BY_NAME(.init_array.*))
 *(.init_array*)
 .init_array    0x0000000008002ea4        0x4 d:/vxl/stm32/stm32cubeide_1.7.0/stm32cubeide/plugins/com.st.stm32cube.ide.mcu.externaltools.gnu-tools-for-stm32.9-2020-q2-update.win32_2.0.0.202105311346/tools/bin/../lib/gcc/arm-none-eabi/9.3.1/thumb/v7-m/nofp/crtbegin.o
                0x0000000008002ea8                PROVIDE (__init_array_end = .)
                0x0000000008002ea8                . = ALIGN (0x4)

.fini_array     0x0000000008002ea8        0x4
                0x0000000008002ea8                . = ALIGN (0x4)
                [!provide]                        PROVIDE (__fini_array_start = .)
 *(SORT_BY_NAME(.fini_array.*))
 *(.fini_array*)
 .fini_array    0x0000000008002ea8        0x4 d:/vxl/stm32/stm32cubeide_1.7.0/stm32cubeide/plugins/com.st.stm32cube.ide.mcu.externaltools.gnu-tools-for-stm32.9-2020-q2-update.win32_2.0.0.202105311346/tools/bin/../lib/gcc/arm-none-eabi/9.3.1/thumb/v7-m/nofp/crtbegin.o
                [!provide]                        PROVIDE (__fini_array_end = .)
                0x0000000008002eac                . = ALIGN (0x4)
                0x0000000008002eac                _sidata = LOADADDR (.data)

.data           0x0000000020000000       0x94 load address 0x0000000008002eac
                0x0000000020000000                . = ALIGN (0x4)
                0x0000000020000000                _sdata = .
 *(.data)
 *(.data*)
 .data.Key0     0x0000000020000000        0x4 ./Core/Src/button.o
                0x0000000020000000                Key0
 .data.Key1     0x0000000020000004        0x4 ./Core/Src/button.o
                0x0000000020000004                Key1
 .data.Key2     0x0000000020000008        0x4 ./Core/Src/button.o
                0x0000000020000008                Key2
 .data.LPress0  0x000000002000000c        0x4 ./Core/Src/button.o
                0x000000002000000c                LPress0
 .data.countForPressedKey0
                0x0000000020000010        0x4 ./Core/Src/button.o
                0x0000000020000010                countForPressedKey0
 .data.Key3     0x0000000020000014        0x4 ./Core/Src/button.o
                0x0000000020000014                Key3
 .data.Key4     0x0000000020000018        0x4 ./Core/Src/button.o
                0x0000000020000018                Key4
 .data.Key5     0x000000002000001c        0x4 ./Core/Src/button.o
                0x000000002000001c                Key5
 .data.LPress1  0x0000000020000020        0x4 ./Core/Src/button.o
                0x0000000020000020                LPress1
 .data.countForPressedKey1
                0x0000000020000024        0x4 ./Core/Src/button.o
                0x0000000020000024                countForPressedKey1
 .data.Key6     0x0000000020000028        0x4 ./Core/Src/button.o
                0x0000000020000028                Key6
 .data.Key7     0x000000002000002c        0x4 ./Core/Src/button.o
                0x000000002000002c                Key7
 .data.Key8     0x0000000020000030        0x4 ./Core/Src/button.o
                0x0000000020000030                Key8
 .data.LPress2  0x0000000020000034        0x4 ./Core/Src/button.o
                0x0000000020000034                LPress2
 .data.countForPressedKey2
                0x0000000020000038        0x4 ./Core/Src/button.o
                0x0000000020000038                countForPressedKey2
 .data.init_numRed
                0x000000002000003c        0x4 ./Core/Src/fsm_auto.o
                0x000000002000003c                init_numRed
 .data.init_numGreen
                0x0000000020000040        0x4 ./Core/Src/fsm_auto.o
                0x0000000020000040                init_numGreen
 .data.init_numAmber
                0x0000000020000044        0x4 ./Core/Src/fsm_auto.o
                0x0000000020000044                init_numAmber
 .data.entry_RA.6037
                0x0000000020000048        0x4 ./Core/Src/fsm_auto.o
 .data.entry_RG.6036
                0x000000002000004c        0x4 ./Core/Src/fsm_auto.o
 .data.entry_AR.6035
                0x0000000020000050        0x4 ./Core/Src/fsm_auto.o
 .data.entry_GR.6034
                0x0000000020000054        0x4 ./Core/Src/fsm_auto.o
 .data.mode_arr
                0x0000000020000058       0x10 ./Core/Src/fsm_man.o
                0x0000000020000058                mode_arr
 .data.tempRed  0x0000000020000068        0x4 ./Core/Src/fsm_man.o
                0x0000000020000068                tempRed
 .data.tempAmber
                0x000000002000006c        0x4 ./Core/Src/fsm_man.o
                0x000000002000006c                tempAmber
 .data.tempGreen
                0x0000000020000070        0x4 ./Core/Src/fsm_man.o
                0x0000000020000070                tempGreen
 .data.table    0x0000000020000074        0xa ./Core/Src/global.o
                0x0000000020000074                table
 *fill*         0x000000002000007e        0x2 
 .data.SystemCoreClock
                0x0000000020000080        0x4 ./Core/Src/system_stm32f1xx.o
                0x0000000020000080                SystemCoreClock
 .data.TIMER_CYCLE
                0x0000000020000084        0x4 ./Core/Src/timer.o
                0x0000000020000084                TIMER_CYCLE
 .data.one_sec  0x0000000020000088        0x4 ./Core/Src/timer.o
                0x0000000020000088                one_sec
 .data.uwTickPrio
                0x000000002000008c        0x4 ./Drivers/STM32F1xx_HAL_Driver/Src/stm32f1xx_hal.o
                0x000000002000008c                uwTickPrio
 .data.uwTickFreq
                0x0000000020000090        0x1 ./Drivers/STM32F1xx_HAL_Driver/Src/stm32f1xx_hal.o
                0x0000000020000090                uwTickFreq
 *(.RamFunc)
 *(.RamFunc*)
                0x0000000020000094                . = ALIGN (0x4)
 *fill*         0x0000000020000091        0x3 
                0x0000000020000094                _edata = .

.igot.plt       0x0000000020000094        0x0 load address 0x0000000008002f40
 .igot.plt      0x0000000020000094        0x0 d:/vxl/stm32/stm32cubeide_1.7.0/stm32cubeide/plugins/com.st.stm32cube.ide.mcu.externaltools.gnu-tools-for-stm32.9-2020-q2-update.win32_2.0.0.202105311346/tools/bin/../lib/gcc/arm-none-eabi/9.3.1/thumb/v7-m/nofp/crtbegin.o
                0x0000000020000094                . = ALIGN (0x4)

.bss            0x0000000020000098      0x25c load address 0x0000000008002f40
                0x0000000020000098                _sbss = .
                0x0000000020000098                __bss_start__ = _sbss
 *(.bss)
 .bss           0x0000000020000098       0x1c d:/vxl/stm32/stm32cubeide_1.7.0/stm32cubeide/plugins/com.st.stm32cube.ide.mcu.externaltools.gnu-tools-for-stm32.9-2020-q2-update.win32_2.0.0.202105311346/tools/bin/../lib/gcc/arm-none-eabi/9.3.1/thumb/v7-m/nofp/crtbegin.o
 *(.bss*)
 .bss.button_flag0
                0x00000000200000b4        0x4 ./Core/Src/button.o
                0x00000000200000b4                button_flag0
 .bss.button_flag1
                0x00000000200000b8        0x4 ./Core/Src/button.o
                0x00000000200000b8                button_flag1
 .bss.button_flag2
                0x00000000200000bc        0x4 ./Core/Src/button.o
                0x00000000200000bc                button_flag2
 .bss.state     0x00000000200000c0        0x4 ./Core/Src/fsm_auto.o
                0x00000000200000c0                state
 .bss.set       0x00000000200000c4        0x4 ./Core/Src/fsm_auto.o
                0x00000000200000c4                set
 .bss.mode_choose
                0x00000000200000c8        0x4 ./Core/Src/fsm_man.o
                0x00000000200000c8                mode_choose
 .bss.mode_sw   0x00000000200000cc        0x4 ./Core/Src/fsm_man.o
                0x00000000200000cc                mode_sw
 .bss.in_man    0x00000000200000d0        0x4 ./Core/Src/fsm_man.o
                0x00000000200000d0                in_man
 .bss.boost     0x00000000200000d4        0x4 ./Core/Src/fsm_man.o
                0x00000000200000d4                boost
 .bss.sw        0x00000000200000d8        0x4 ./Core/Src/global.o
                0x00000000200000d8                sw
 .bss.curr_task
                0x00000000200000dc        0x1 ./Core/Src/scheduler.o
                0x00000000200000dc                curr_task
 *fill*         0x00000000200000dd        0x3 
 .bss.tick      0x00000000200000e0        0x8 ./Core/Src/scheduler.o
                0x00000000200000e0                tick
 .bss.timer0_counter
                0x00000000200000e8        0x4 ./Core/Src/timer.o
                0x00000000200000e8                timer0_counter
 .bss.timer0_flag
                0x00000000200000ec        0x4 ./Core/Src/timer.o
                0x00000000200000ec                timer0_flag
 .bss.timer1_counter
                0x00000000200000f0        0x4 ./Core/Src/timer.o
                0x00000000200000f0                timer1_counter
 .bss.timer1_flag
                0x00000000200000f4        0x4 ./Core/Src/timer.o
                0x00000000200000f4                timer1_flag
 .bss.timer2_counter
                0x00000000200000f8        0x4 ./Core/Src/timer.o
                0x00000000200000f8                timer2_counter
 .bss.timer2_flag
                0x00000000200000fc        0x4 ./Core/Src/timer.o
                0x00000000200000fc                timer2_flag
 .bss.timer3_counter
                0x0000000020000100        0x4 ./Core/Src/timer.o
                0x0000000020000100                timer3_counter
 .bss.timer3_flag
                0x0000000020000104        0x4 ./Core/Src/timer.o
                0x0000000020000104                timer3_flag
 .bss.one_sec_flag
                0x0000000020000108        0x4 ./Core/Src/timer.o
                0x0000000020000108                one_sec_flag
 *(COMMON)
 COMMON         0x000000002000010c        0xc ./Core/Src/fsm_auto.o
                0x000000002000010c                numGreen
                0x0000000020000110                numRed
                0x0000000020000114                numAmber
 COMMON         0x0000000020000118       0x48 ./Core/Src/main.o
                0x0000000020000118                htim2
 COMMON         0x0000000020000160      0x190 ./Core/Src/scheduler.o
                0x0000000020000160                pTask
 COMMON         0x00000000200002f0        0x4 ./Drivers/STM32F1xx_HAL_Driver/Src/stm32f1xx_hal.o
                0x00000000200002f0                uwTick
                0x00000000200002f4                . = ALIGN (0x4)
                0x00000000200002f4                _ebss = .
                0x00000000200002f4                __bss_end__ = _ebss

._user_heap_stack
                0x00000000200002f4      0x604 load address 0x0000000008002f40
                0x00000000200002f8                . = ALIGN (0x8)
 *fill*         0x00000000200002f4        0x4 
                [!provide]                        PROVIDE (end = .)
                0x00000000200002f8                PROVIDE (_end = .)
                0x00000000200004f8                . = (. + _Min_Heap_Size)
 *fill*         0x00000000200002f8      0x200 
                0x00000000200008f8                . = (. + _Min_Stack_Size)
 *fill*         0x00000000200004f8      0x400 
                0x00000000200008f8                . = ALIGN (0x8)

/DISCARD/
 libc.a(*)
 libm.a(*)
 libgcc.a(*)

.ARM.attributes
                0x0000000000000000       0x29
 *(.ARM.attributes)
 .ARM.attributes
                0x0000000000000000       0x1d d:/vxl/stm32/stm32cubeide_1.7.0/stm32cubeide/plugins/com.st.stm32cube.ide.mcu.externaltools.gnu-tools-for-stm32.9-2020-q2-update.win32_2.0.0.202105311346/tools/bin/../lib/gcc/arm-none-eabi/9.3.1/thumb/v7-m/nofp/crti.o
 .ARM.attributes
                0x000000000000001d       0x2d d:/vxl/stm32/stm32cubeide_1.7.0/stm32cubeide/plugins/com.st.stm32cube.ide.mcu.externaltools.gnu-tools-for-stm32.9-2020-q2-update.win32_2.0.0.202105311346/tools/bin/../lib/gcc/arm-none-eabi/9.3.1/thumb/v7-m/nofp/crtbegin.o
 .ARM.attributes
                0x000000000000004a       0x2d ./Core/Src/button.o
 .ARM.attributes
                0x0000000000000077       0x2d ./Core/Src/fsm_auto.o
 .ARM.attributes
                0x00000000000000a4       0x2d ./Core/Src/fsm_man.o
 .ARM.attributes
                0x00000000000000d1       0x2d ./Core/Src/global.o
 .ARM.attributes
                0x00000000000000fe       0x2d ./Core/Src/main.o
 .ARM.attributes
                0x000000000000012b       0x2d ./Core/Src/scheduler.o
 .ARM.attributes
                0x0000000000000158       0x2d ./Core/Src/stm32f1xx_hal_msp.o
 .ARM.attributes
                0x0000000000000185       0x2d ./Core/Src/stm32f1xx_it.o
 .ARM.attributes
                0x00000000000001b2       0x2d ./Core/Src/system_stm32f1xx.o
 .ARM.attributes
                0x00000000000001df       0x2d ./Core/Src/timer.o
 .ARM.attributes
                0x000000000000020c       0x21 ./Core/Startup/startup_stm32f103c6ux.o
 .ARM.attributes
                0x000000000000022d       0x2d ./Drivers/STM32F1xx_HAL_Driver/Src/stm32f1xx_hal.o
 .ARM.attributes
                0x000000000000025a       0x2d ./Drivers/STM32F1xx_HAL_Driver/Src/stm32f1xx_hal_cortex.o
 .ARM.attributes
                0x0000000000000287       0x2d ./Drivers/STM32F1xx_HAL_Driver/Src/stm32f1xx_hal_gpio.o
 .ARM.attributes
                0x00000000000002b4       0x2d ./Drivers/STM32F1xx_HAL_Driver/Src/stm32f1xx_hal_rcc.o
 .ARM.attributes
                0x00000000000002e1       0x2d ./Drivers/STM32F1xx_HAL_Driver/Src/stm32f1xx_hal_tim.o
 .ARM.attributes
                0x000000000000030e       0x2d ./Drivers/STM32F1xx_HAL_Driver/Src/stm32f1xx_hal_tim_ex.o
 .ARM.attributes
                0x000000000000033b       0x2d d:/vxl/stm32/stm32cubeide_1.7.0/stm32cubeide/plugins/com.st.stm32cube.ide.mcu.externaltools.gnu-tools-for-stm32.9-2020-q2-update.win32_2.0.0.202105311346/tools/bin/../lib/gcc/arm-none-eabi/9.3.1/../../../../arm-none-eabi/lib/thumb/v7-m/nofp\libc_nano.a(lib_a-init.o)
 .ARM.attributes
                0x0000000000000368       0x2d d:/vxl/stm32/stm32cubeide_1.7.0/stm32cubeide/plugins/com.st.stm32cube.ide.mcu.externaltools.gnu-tools-for-stm32.9-2020-q2-update.win32_2.0.0.202105311346/tools/bin/../lib/gcc/arm-none-eabi/9.3.1/../../../../arm-none-eabi/lib/thumb/v7-m/nofp\libc_nano.a(lib_a-memset.o)
 .ARM.attributes
                0x0000000000000395       0x1d d:/vxl/stm32/stm32cubeide_1.7.0/stm32cubeide/plugins/com.st.stm32cube.ide.mcu.externaltools.gnu-tools-for-stm32.9-2020-q2-update.win32_2.0.0.202105311346/tools/bin/../lib/gcc/arm-none-eabi/9.3.1/thumb/v7-m/nofp/crtn.o
OUTPUT(LAB5.elf elf32-littlearm)
LOAD linker stubs
LOAD d:/vxl/stm32/stm32cubeide_1.7.0/stm32cubeide/plugins/com.st.stm32cube.ide.mcu.externaltools.gnu-tools-for-stm32.9-2020-q2-update.win32_2.0.0.202105311346/tools/bin/../lib/gcc/arm-none-eabi/9.3.1/../../../../arm-none-eabi/lib/thumb/v7-m/nofp\libc.a
LOAD d:/vxl/stm32/stm32cubeide_1.7.0/stm32cubeide/plugins/com.st.stm32cube.ide.mcu.externaltools.gnu-tools-for-stm32.9-2020-q2-update.win32_2.0.0.202105311346/tools/bin/../lib/gcc/arm-none-eabi/9.3.1/../../../../arm-none-eabi/lib/thumb/v7-m/nofp\libm.a
LOAD d:/vxl/stm32/stm32cubeide_1.7.0/stm32cubeide/plugins/com.st.stm32cube.ide.mcu.externaltools.gnu-tools-for-stm32.9-2020-q2-update.win32_2.0.0.202105311346/tools/bin/../lib/gcc/arm-none-eabi/9.3.1/thumb/v7-m/nofp\libgcc.a

.debug_info     0x0000000000000000     0x9bb4
 .debug_info    0x0000000000000000      0x401 ./Core/Src/button.o
 .debug_info    0x0000000000000401      0x4f0 ./Core/Src/fsm_auto.o
 .debug_info    0x00000000000008f1      0x3c5 ./Core/Src/fsm_man.o
 .debug_info    0x0000000000000cb6      0x455 ./Core/Src/global.o
 .debug_info    0x000000000000110b      0xce2 ./Core/Src/main.o
 .debug_info    0x0000000000001ded      0x295 ./Core/Src/scheduler.o
 .debug_info    0x0000000000002082      0xa09 ./Core/Src/stm32f1xx_hal_msp.o
 .debug_info    0x0000000000002a8b      0x7b9 ./Core/Src/stm32f1xx_it.o
 .debug_info    0x0000000000003244      0x2be ./Core/Src/system_stm32f1xx.o
 .debug_info    0x0000000000003502      0x241 ./Core/Src/timer.o
 .debug_info    0x0000000000003743       0x22 ./Core/Startup/startup_stm32f103c6ux.o
 .debug_info    0x0000000000003765      0x74c ./Drivers/STM32F1xx_HAL_Driver/Src/stm32f1xx_hal.o
 .debug_info    0x0000000000003eb1      0xbbe ./Drivers/STM32F1xx_HAL_Driver/Src/stm32f1xx_hal_cortex.o
 .debug_info    0x0000000000004a6f      0x701 ./Drivers/STM32F1xx_HAL_Driver/Src/stm32f1xx_hal_gpio.o
 .debug_info    0x0000000000005170      0x893 ./Drivers/STM32F1xx_HAL_Driver/Src/stm32f1xx_hal_rcc.o
 .debug_info    0x0000000000005a03     0x2c32 ./Drivers/STM32F1xx_HAL_Driver/Src/stm32f1xx_hal_tim.o
 .debug_info    0x0000000000008635     0x157f ./Drivers/STM32F1xx_HAL_Driver/Src/stm32f1xx_hal_tim_ex.o

.debug_abbrev   0x0000000000000000     0x1d09
 .debug_abbrev  0x0000000000000000      0x132 ./Core/Src/button.o
 .debug_abbrev  0x0000000000000132      0x1ea ./Core/Src/fsm_auto.o
 .debug_abbrev  0x000000000000031c      0x12b ./Core/Src/fsm_man.o
 .debug_abbrev  0x0000000000000447      0x1a1 ./Core/Src/global.o
 .debug_abbrev  0x00000000000005e8      0x273 ./Core/Src/main.o
 .debug_abbrev  0x000000000000085b      0x134 ./Core/Src/scheduler.o
 .debug_abbrev  0x000000000000098f      0x1b7 ./Core/Src/stm32f1xx_hal_msp.o
 .debug_abbrev  0x0000000000000b46      0x176 ./Core/Src/stm32f1xx_it.o
 .debug_abbrev  0x0000000000000cbc      0x14e ./Core/Src/system_stm32f1xx.o
 .debug_abbrev  0x0000000000000e0a       0xce ./Core/Src/timer.o
 .debug_abbrev  0x0000000000000ed8       0x12 ./Core/Startup/startup_stm32f103c6ux.o
 .debug_abbrev  0x0000000000000eea      0x1ed ./Drivers/STM32F1xx_HAL_Driver/Src/stm32f1xx_hal.o
 .debug_abbrev  0x00000000000010d7      0x313 ./Drivers/STM32F1xx_HAL_Driver/Src/stm32f1xx_hal_cortex.o
 .debug_abbrev  0x00000000000013ea      0x1e8 ./Drivers/STM32F1xx_HAL_Driver/Src/stm32f1xx_hal_gpio.o
 .debug_abbrev  0x00000000000015d2      0x273 ./Drivers/STM32F1xx_HAL_Driver/Src/stm32f1xx_hal_rcc.o
 .debug_abbrev  0x0000000000001845      0x25e ./Drivers/STM32F1xx_HAL_Driver/Src/stm32f1xx_hal_tim.o
 .debug_abbrev  0x0000000000001aa3      0x266 ./Drivers/STM32F1xx_HAL_Driver/Src/stm32f1xx_hal_tim_ex.o

.debug_aranges  0x0000000000000000      0xae0
 .debug_aranges
                0x0000000000000000       0x48 ./Core/Src/button.o
 .debug_aranges
                0x0000000000000048       0x38 ./Core/Src/fsm_auto.o
 .debug_aranges
                0x0000000000000080       0x28 ./Core/Src/fsm_man.o
 .debug_aranges
                0x00000000000000a8       0x48 ./Core/Src/global.o
 .debug_aranges
                0x00000000000000f0       0x58 ./Core/Src/main.o
 .debug_aranges
                0x0000000000000148       0x48 ./Core/Src/scheduler.o
 .debug_aranges
                0x0000000000000190       0x30 ./Core/Src/stm32f1xx_hal_msp.o
 .debug_aranges
                0x00000000000001c0       0x68 ./Core/Src/stm32f1xx_it.o
 .debug_aranges
                0x0000000000000228       0x28 ./Core/Src/system_stm32f1xx.o
 .debug_aranges
                0x0000000000000250       0x68 ./Core/Src/timer.o
 .debug_aranges
                0x00000000000002b8       0x28 ./Core/Startup/startup_stm32f103c6ux.o
 .debug_aranges
                0x00000000000002e0       0xe0 ./Drivers/STM32F1xx_HAL_Driver/Src/stm32f1xx_hal.o
 .debug_aranges
                0x00000000000003c0      0x100 ./Drivers/STM32F1xx_HAL_Driver/Src/stm32f1xx_hal_cortex.o
 .debug_aranges
                0x00000000000004c0       0x58 ./Drivers/STM32F1xx_HAL_Driver/Src/stm32f1xx_hal_gpio.o
 .debug_aranges
                0x0000000000000518       0x90 ./Drivers/STM32F1xx_HAL_Driver/Src/stm32f1xx_hal_rcc.o
 .debug_aranges
                0x00000000000005a8      0x3d0 ./Drivers/STM32F1xx_HAL_Driver/Src/stm32f1xx_hal_tim.o
 .debug_aranges
                0x0000000000000978      0x168 ./Drivers/STM32F1xx_HAL_Driver/Src/stm32f1xx_hal_tim_ex.o

.debug_ranges   0x0000000000000000      0x9f0
 .debug_ranges  0x0000000000000000       0x38 ./Core/Src/button.o
 .debug_ranges  0x0000000000000038       0x40 ./Core/Src/fsm_auto.o
 .debug_ranges  0x0000000000000078       0x18 ./Core/Src/fsm_man.o
 .debug_ranges  0x0000000000000090       0x38 ./Core/Src/global.o
 .debug_ranges  0x00000000000000c8       0x48 ./Core/Src/main.o
 .debug_ranges  0x0000000000000110       0x38 ./Core/Src/scheduler.o
 .debug_ranges  0x0000000000000148       0x20 ./Core/Src/stm32f1xx_hal_msp.o
 .debug_ranges  0x0000000000000168       0x58 ./Core/Src/stm32f1xx_it.o
 .debug_ranges  0x00000000000001c0       0x18 ./Core/Src/system_stm32f1xx.o
 .debug_ranges  0x00000000000001d8       0x58 ./Core/Src/timer.o
 .debug_ranges  0x0000000000000230       0x20 ./Core/Startup/startup_stm32f103c6ux.o
 .debug_ranges  0x0000000000000250       0xd0 ./Drivers/STM32F1xx_HAL_Driver/Src/stm32f1xx_hal.o
 .debug_ranges  0x0000000000000320       0xf0 ./Drivers/STM32F1xx_HAL_Driver/Src/stm32f1xx_hal_cortex.o
 .debug_ranges  0x0000000000000410       0x48 ./Drivers/STM32F1xx_HAL_Driver/Src/stm32f1xx_hal_gpio.o
 .debug_ranges  0x0000000000000458       0x80 ./Drivers/STM32F1xx_HAL_Driver/Src/stm32f1xx_hal_rcc.o
 .debug_ranges  0x00000000000004d8      0x3c0 ./Drivers/STM32F1xx_HAL_Driver/Src/stm32f1xx_hal_tim.o
 .debug_ranges  0x0000000000000898      0x158 ./Drivers/STM32F1xx_HAL_Driver/Src/stm32f1xx_hal_tim_ex.o

.debug_macro    0x0000000000000000    0x16aff
 .debug_macro   0x0000000000000000      0x1af ./Core/Src/button.o
 .debug_macro   0x00000000000001af      0xa9c ./Core/Src/button.o
 .debug_macro   0x0000000000000c4b      0x215 ./Core/Src/button.o
 .debug_macro   0x0000000000000e60       0x2e ./Core/Src/button.o
 .debug_macro   0x0000000000000e8e       0x22 ./Core/Src/button.o
 .debug_macro   0x0000000000000eb0       0x22 ./Core/Src/button.o
 .debug_macro   0x0000000000000ed2       0x8e ./Core/Src/button.o
 .debug_macro   0x0000000000000f60       0x51 ./Core/Src/button.o
 .debug_macro   0x0000000000000fb1      0x103 ./Core/Src/button.o
 .debug_macro   0x00000000000010b4       0x6a ./Core/Src/button.o
 .debug_macro   0x000000000000111e      0x1df ./Core/Src/button.o
 .debug_macro   0x00000000000012fd       0x1c ./Core/Src/button.o
 .debug_macro   0x0000000000001319       0x22 ./Core/Src/button.o
 .debug_macro   0x000000000000133b       0xc3 ./Core/Src/button.o
 .debug_macro   0x00000000000013fe      0xd23 ./Core/Src/button.o
 .debug_macro   0x0000000000002121     0xde75 ./Core/Src/button.o
 .debug_macro   0x000000000000ff96       0x6d ./Core/Src/button.o
 .debug_macro   0x0000000000010003     0x34a2 ./Core/Src/button.o
 .debug_macro   0x00000000000134a5      0x174 ./Core/Src/button.o
 .debug_macro   0x0000000000013619       0x5c ./Core/Src/button.o
 .debug_macro   0x0000000000013675      0x5bc ./Core/Src/button.o
 .debug_macro   0x0000000000013c31      0x1b7 ./Core/Src/button.o
 .debug_macro   0x0000000000013de8      0x1cb ./Core/Src/button.o
 .debug_macro   0x0000000000013fb3      0x114 ./Core/Src/button.o
 .debug_macro   0x00000000000140c7      0x1b2 ./Core/Src/button.o
 .debug_macro   0x0000000000014279       0x27 ./Core/Src/button.o
 .debug_macro   0x00000000000142a0      0x12f ./Core/Src/button.o
 .debug_macro   0x00000000000143cf      0x1bc ./Core/Src/button.o
 .debug_macro   0x000000000001458b       0x34 ./Core/Src/button.o
 .debug_macro   0x00000000000145bf       0x3c ./Core/Src/button.o
 .debug_macro   0x00000000000145fb       0x57 ./Core/Src/button.o
 .debug_macro   0x0000000000014652       0x87 ./Core/Src/button.o
 .debug_macro   0x00000000000146d9      0x183 ./Core/Src/button.o
 .debug_macro   0x000000000001485c      0x140 ./Core/Src/button.o
 .debug_macro   0x000000000001499c      0x8ed ./Core/Src/button.o
 .debug_macro   0x0000000000015289       0x69 ./Core/Src/button.o
 .debug_macro   0x00000000000152f2       0x58 ./Core/Src/button.o
 .debug_macro   0x000000000001534a       0x16 ./Core/Src/button.o
 .debug_macro   0x0000000000015360      0x1e4 ./Core/Src/fsm_auto.o
 .debug_macro   0x0000000000015544       0x34 ./Core/Src/fsm_auto.o
 .debug_macro   0x0000000000015578       0x1c ./Core/Src/fsm_auto.o
 .debug_macro   0x0000000000015594       0x22 ./Core/Src/fsm_auto.o
 .debug_macro   0x00000000000155b6      0x1e0 ./Core/Src/fsm_man.o
 .debug_macro   0x0000000000015796      0x1c8 ./Core/Src/global.o
 .debug_macro   0x000000000001595e      0x1f1 ./Core/Src/main.o
 .debug_macro   0x0000000000015b4f       0x10 ./Core/Src/main.o
 .debug_macro   0x0000000000015b5f       0x6c ./Core/Src/scheduler.o
 .debug_macro   0x0000000000015bcb      0x1a6 ./Core/Src/stm32f1xx_hal_msp.o
 .debug_macro   0x0000000000015d71      0x1b0 ./Core/Src/stm32f1xx_it.o
 .debug_macro   0x0000000000015f21      0x197 ./Core/Src/system_stm32f1xx.o
 .debug_macro   0x00000000000160b8       0x1b ./Core/Src/timer.o
 .debug_macro   0x00000000000160d3      0x1bb ./Drivers/STM32F1xx_HAL_Driver/Src/stm32f1xx_hal.o
 .debug_macro   0x000000000001628e      0x197 ./Drivers/STM32F1xx_HAL_Driver/Src/stm32f1xx_hal_cortex.o
 .debug_macro   0x0000000000016425      0x202 ./Drivers/STM32F1xx_HAL_Driver/Src/stm32f1xx_hal_gpio.o
 .debug_macro   0x0000000000016627      0x1a9 ./Drivers/STM32F1xx_HAL_Driver/Src/stm32f1xx_hal_rcc.o
 .debug_macro   0x00000000000167d0      0x198 ./Drivers/STM32F1xx_HAL_Driver/Src/stm32f1xx_hal_tim.o
 .debug_macro   0x0000000000016968      0x197 ./Drivers/STM32F1xx_HAL_Driver/Src/stm32f1xx_hal_tim_ex.o

.debug_line     0x0000000000000000     0xbb9c
 .debug_line    0x0000000000000000      0x7e3 ./Core/Src/button.o
 .debug_line    0x00000000000007e3      0x8c8 ./Core/Src/fsm_auto.o
 .debug_line    0x00000000000010ab      0x817 ./Core/Src/fsm_man.o
 .debug_line    0x00000000000018c2      0x782 ./Core/Src/global.o
 .debug_line    0x0000000000002044      0x840 ./Core/Src/main.o
 .debug_line    0x0000000000002884      0x4fe ./Core/Src/scheduler.o
 .debug_line    0x0000000000002d82      0x6bd ./Core/Src/stm32f1xx_hal_msp.o
 .debug_line    0x000000000000343f      0x75b ./Core/Src/stm32f1xx_it.o
 .debug_line    0x0000000000003b9a      0x6ff ./Core/Src/system_stm32f1xx.o
 .debug_line    0x0000000000004299      0x197 ./Core/Src/timer.o
 .debug_line    0x0000000000004430       0x86 ./Core/Startup/startup_stm32f103c6ux.o
 .debug_line    0x00000000000044b6      0x92c ./Drivers/STM32F1xx_HAL_Driver/Src/stm32f1xx_hal.o
 .debug_line    0x0000000000004de2      0xb14 ./Drivers/STM32F1xx_HAL_Driver/Src/stm32f1xx_hal_cortex.o
 .debug_line    0x00000000000058f6      0x9af ./Drivers/STM32F1xx_HAL_Driver/Src/stm32f1xx_hal_gpio.o
 .debug_line    0x00000000000062a5      0xd38 ./Drivers/STM32F1xx_HAL_Driver/Src/stm32f1xx_hal_rcc.o
 .debug_line    0x0000000000006fdd     0x337d ./Drivers/STM32F1xx_HAL_Driver/Src/stm32f1xx_hal_tim.o
 .debug_line    0x000000000000a35a     0x1842 ./Drivers/STM32F1xx_HAL_Driver/Src/stm32f1xx_hal_tim_ex.o

.debug_str      0x0000000000000000    0x82402
 .debug_str     0x0000000000000000    0x7f682 ./Core/Src/button.o
                                      0x7f9e4 (size before relaxing)
 .debug_str     0x000000000007f682      0x230 ./Core/Src/fsm_auto.o
                                      0x7fb4f (size before relaxing)
 .debug_str     0x000000000007f8b2       0x53 ./Core/Src/fsm_man.o
                                      0x7fad4 (size before relaxing)
 .debug_str     0x000000000007f905       0x75 ./Core/Src/global.o
                                      0x7fa2f (size before relaxing)
 .debug_str     0x000000000007f97a      0x709 ./Core/Src/main.o
                                      0x80256 (size before relaxing)
 .debug_str     0x0000000000080083       0xaa ./Core/Src/scheduler.o
                                       0x3d61 (size before relaxing)
 .debug_str     0x000000000008012d      0x2ba ./Core/Src/stm32f1xx_hal_msp.o
                                      0x80065 (size before relaxing)
 .debug_str     0x00000000000803e7       0xcd ./Core/Src/stm32f1xx_it.o
                                      0x7fdc7 (size before relaxing)
 .debug_str     0x00000000000804b4       0x52 ./Core/Src/system_stm32f1xx.o
                                      0x7f75e (size before relaxing)
 .debug_str     0x0000000000080506       0x83 ./Core/Src/timer.o
                                       0x2e66 (size before relaxing)
 .debug_str     0x0000000000080589       0x36 ./Core/Startup/startup_stm32f103c6ux.o
                                         0x52 (size before relaxing)
 .debug_str     0x00000000000805bf      0x304 ./Drivers/STM32F1xx_HAL_Driver/Src/stm32f1xx_hal.o
                                      0x7fdb5 (size before relaxing)
 .debug_str     0x00000000000808c3      0x300 ./Drivers/STM32F1xx_HAL_Driver/Src/stm32f1xx_hal_cortex.o
                                      0x7fdbd (size before relaxing)
 .debug_str     0x0000000000080bc3      0x324 ./Drivers/STM32F1xx_HAL_Driver/Src/stm32f1xx_hal_gpio.o
                                      0x7fb22 (size before relaxing)
 .debug_str     0x0000000000080ee7      0x24f ./Drivers/STM32F1xx_HAL_Driver/Src/stm32f1xx_hal_rcc.o
                                      0x7fb5b (size before relaxing)
 .debug_str     0x0000000000081136      0xdde ./Drivers/STM32F1xx_HAL_Driver/Src/stm32f1xx_hal_tim.o
                                      0x80b44 (size before relaxing)
 .debug_str     0x0000000000081f14      0x4ee ./Drivers/STM32F1xx_HAL_Driver/Src/stm32f1xx_hal_tim_ex.o
                                      0x802e5 (size before relaxing)

.comment        0x0000000000000000       0x53
 .comment       0x0000000000000000       0x53 ./Core/Src/button.o
                                         0x54 (size before relaxing)
 .comment       0x0000000000000053       0x54 ./Core/Src/fsm_auto.o
 .comment       0x0000000000000053       0x54 ./Core/Src/fsm_man.o
 .comment       0x0000000000000053       0x54 ./Core/Src/global.o
 .comment       0x0000000000000053       0x54 ./Core/Src/main.o
 .comment       0x0000000000000053       0x54 ./Core/Src/scheduler.o
 .comment       0x0000000000000053       0x54 ./Core/Src/stm32f1xx_hal_msp.o
 .comment       0x0000000000000053       0x54 ./Core/Src/stm32f1xx_it.o
 .comment       0x0000000000000053       0x54 ./Core/Src/system_stm32f1xx.o
 .comment       0x0000000000000053       0x54 ./Core/Src/timer.o
 .comment       0x0000000000000053       0x54 ./Drivers/STM32F1xx_HAL_Driver/Src/stm32f1xx_hal.o
 .comment       0x0000000000000053       0x54 ./Drivers/STM32F1xx_HAL_Driver/Src/stm32f1xx_hal_cortex.o
 .comment       0x0000000000000053       0x54 ./Drivers/STM32F1xx_HAL_Driver/Src/stm32f1xx_hal_gpio.o
 .comment       0x0000000000000053       0x54 ./Drivers/STM32F1xx_HAL_Driver/Src/stm32f1xx_hal_rcc.o
 .comment       0x0000000000000053       0x54 ./Drivers/STM32F1xx_HAL_Driver/Src/stm32f1xx_hal_tim.o
 .comment       0x0000000000000053       0x54 ./Drivers/STM32F1xx_HAL_Driver/Src/stm32f1xx_hal_tim_ex.o

.debug_frame    0x0000000000000000     0x2b00
 .debug_frame   0x0000000000000000       0xc4 ./Core/Src/button.o
 .debug_frame   0x00000000000000c4       0xa4 ./Core/Src/fsm_auto.o
 .debug_frame   0x0000000000000168       0x48 ./Core/Src/fsm_man.o
 .debug_frame   0x00000000000001b0       0xf0 ./Core/Src/global.o
 .debug_frame   0x00000000000002a0      0x10c ./Core/Src/main.o
 .debug_frame   0x00000000000003ac       0xf4 ./Core/Src/scheduler.o
 .debug_frame   0x00000000000004a0       0x80 ./Core/Src/stm32f1xx_hal_msp.o
 .debug_frame   0x0000000000000520      0x120 ./Core/Src/stm32f1xx_it.o
 .debug_frame   0x0000000000000640       0x58 ./Core/Src/system_stm32f1xx.o
 .debug_frame   0x0000000000000698      0x170 ./Core/Src/timer.o
 .debug_frame   0x0000000000000808      0x334 ./Drivers/STM32F1xx_HAL_Driver/Src/stm32f1xx_hal.o
 .debug_frame   0x0000000000000b3c      0x428 ./Drivers/STM32F1xx_HAL_Driver/Src/stm32f1xx_hal_cortex.o
 .debug_frame   0x0000000000000f64      0x14c ./Drivers/STM32F1xx_HAL_Driver/Src/stm32f1xx_hal_gpio.o
 .debug_frame   0x00000000000010b0      0x218 ./Drivers/STM32F1xx_HAL_Driver/Src/stm32f1xx_hal_rcc.o
 .debug_frame   0x00000000000012c8     0x11b4 ./Drivers/STM32F1xx_HAL_Driver/Src/stm32f1xx_hal_tim.o
 .debug_frame   0x000000000000247c      0x638 ./Drivers/STM32F1xx_HAL_Driver/Src/stm32f1xx_hal_tim_ex.o
 .debug_frame   0x0000000000002ab4       0x2c d:/vxl/stm32/stm32cubeide_1.7.0/stm32cubeide/plugins/com.st.stm32cube.ide.mcu.externaltools.gnu-tools-for-stm32.9-2020-q2-update.win32_2.0.0.202105311346/tools/bin/../lib/gcc/arm-none-eabi/9.3.1/../../../../arm-none-eabi/lib/thumb/v7-m/nofp\libc_nano.a(lib_a-init.o)
 .debug_frame   0x0000000000002ae0       0x20 d:/vxl/stm32/stm32cubeide_1.7.0/stm32cubeide/plugins/com.st.stm32cube.ide.mcu.externaltools.gnu-tools-for-stm32.9-2020-q2-update.win32_2.0.0.202105311346/tools/bin/../lib/gcc/arm-none-eabi/9.3.1/../../../../arm-none-eabi/lib/thumb/v7-m/nofp\libc_nano.a(lib_a-memset.o)
